
> lizixiu-beauty@0.1.0 build
> next build

▲ Next.js 16.2.2 (Turbopack)
- Environments: .env.local

  Creating an optimized production build ...
✓ Compiled successfully in 6.1s
  Running TypeScript ...
  Finished TypeScript in 12.6s ...
  Collecting page data using 19 workers ...
  Generating static pages using 19 workers (0/38) ...
npm : ReferenceError: location is not defined
At line:1 char:64
+ ... kspace\lizixiu-beauty'; npm run build > build_output.txt 2>&1; echo ' ...
+                             ~~~~~~~~~~~~~~~~~~~~~~~~~~~~~~~~~~~~~
    + CategoryInfo          : NotSpecified: (ReferenceError: location is not defined:String) [], RemoteException
    + FullyQualifiedErrorId : NativeCommandError
 
    at <unknown> (C:\Users\cdl83\.qclaw\workspace\lizixiu-beauty\.next\server\chunks\ssr\_10mgf9_._.js:1:14298)
  Generating static pages using 19 workers (9/38) 
  Generating static pages using 19 workers (18/38) 
  Generating static pages using 19 workers (28/38) 
✓ Generating static pages using 19 workers (38/38) in 1014ms
  Finalizing page optimization ...

Route (app)
┌ ○ /
├ ○ /_not-found
├ ○ /admin/dashboard
├ ○ /admin/orders
├ ○ /admin/payment
├ ○ /admin/products
├ ○ /admin/promotions
├ ○ /admin/schedule
├ ○ /admin/services
├ ○ /admin/settings
├ ○ /admin/staff
├ ○ /admin/testimonials
├ ○ /admin/verify
├ ƒ /api/db
├ ○ /appointments
├ ○ /auth
├ ○ /auth/forgot-password
├ ○ /auth/login
├ ○ /auth/register
├ ○ /auth/reset-password
├ ○ /auth/staff-login
├ ○ /calendar
├ ○ /cart
├ ○ /chat
├ ○ /checkout
├ ○ /customers
├ ○ /notifications
├ ○ /orders
├ ○ /product
├ ○ /products
├ ○ /profile
├ ○ /robots.txt
├ ○ /services
├ ○ /sitemap.xml
├ ○ /staff
└ ○ /staff/workbench


○  (Static)   prerendered as static content
ƒ  (Dynamic)  server-rendered on demand

